// Jest Snapshot v1, https://goo.gl/fbAQLP

exports[`<SelectCurrency /> renders correctly 1`] = `
<div>
  <div
    class="makeStyles-root-1"
  >
    <label
      class="makeStyles-label-5"
      for="id"
    >
      label
    </label>
    <div
      class="MuiInputBase-root MuiInput-root MuiInput-underline makeStyles-select-2"
      data-testid="selectCurrencyid"
    >
      <div
        aria-haspopup="listbox"
        aria-labelledby="id"
        class="MuiSelect-root MuiSelect-select MuiSelect-selectMenu MuiInputBase-input MuiInput-input"
        id="id"
        role="button"
        tabindex="0"
      >
        <span
          class="sc-bdfBQB sc-gsTEea jczEZi fzESjn makeStyles-currencyFlag-6"
        />
        PLN
        <span
          class="makeStyles-currencyName-7"
        >
           - 
          Pol
        </span>
      </div>
      <input
        aria-hidden="true"
        class="MuiSelect-nativeInput"
        tabindex="-1"
        value="PLN"
      />
      <svg
        class="MuiSelect-icon"
        fill="none"
        height="20"
        style="margin-top: 1px;"
        viewBox="0 0 24 24"
        width="40"
        xmlns="http://www.w3.org/2000/svg"
      >
        <path
          d="M11.434 12.734L7.25 8.55a1.06 1.06 0 00-1.5 1.5l5.543 5.543a1 1 0 001.414 0l5.543-5.543a1.06 1.06 0 10-1.5-1.5l-4.184 4.184a.8.8 0 01-1.132 0z"
          fill="#565674"
        />
      </svg>
    </div>
  </div>
</div>
`;
